// Jest Snapshot v1, https://goo.gl/fbAQLP

exports[`PokemonPicture component debe renderizar el componente correctamente 1`] = `<div class="pokemon-container"><img class="hidden-pokemon" src="https://raw.githubusercontent.com/PokeAPI/sprites/master/sprites/pokemon/other/dream-world/100.svg" alt="pokemon"></div>`;
